// Jest Snapshot v1, https://goo.gl/fbAQLP

exports[`Probamos el componente <CounterApp /> debería mostrar <CounterApp /> correctamente  1`] = `
<Fragment>
  <h1>
    Counter App
  </h1>
  <div>
    <h2>
      10
    </h2>
    <div>
      <button
        onClick={[Function]}
      >
        +1
      </button>
      <button
        onClick={[Function]}
      >
        Reset
      </button>
      <button
        onClick={[Function]}
      >
        -1
      </button>
    </div>
  </div>
</Fragment>
`;
